Genesis=01
Exodus=02
Levitikus=03
Numeri=04
Deuteronomium=05
Josua=06
Richter=07
Rut=08
Samuel I.=09
Samuel II.=10
Könige I.=11
Könige II.=12
Chronik I.=13
Chronik II.=14
Esra III.=15
Esra IV.=16
Nehemia=17
Tobit=18
Judit=19
Ester=20
Makkabäer I.=21
Makkabäer II.=22
Makkabäer III.=23
Makkabäer IV.=24
Makkabäer VI.=25
Ijob=26
Psalmen=27
Sprichwörter=28
Kohelet=29
Hoheslied=30
Weisheit=31
Sirach=32
Jesaja=33
Jeremia=34
Klagelieder Jeremias=35
Baruch=36
Ezechiel=37
Daniel=38
Hosea=39
Joel=40
Amos=41
Obadja=42
Jona=43
Micha=44
Nahum=45
Habakuk=46
Zefanja=47
Haggai=48
Sacharja=49
Maleachi=50
Matthäusevangelium=51
Markusevangelium=52
Lukasevangelium=53
Johannesevangelium=54
Apostelgeschichte=55
Römerbrief=56
Korintherbrief I.=57
Korintherbrief II.=58
Galaterbrief=59
Epheserbrief=60
Philipperbrief=61
Kolosserbrief=62
Thessalonicherbrief I.=63
Thessalonicherbrief II.=64
Timotheusbrief I.=65
Timotheusbrief II.=66
Titusbrief=67
Philemonbrief=68
Hebräerbrief=69
Jakobusbrief=70
Petrusbrief I.=71
Petrusbrief II.=72
Johannesbrief I.=73
Johannesbrief II.=74
Johannesbrief III.=75
Judasbrief=76
Johannes-Apokalypse=77

