1chronik=40
1johannesbrief=23
1könige=38
1korintherbrief=07
1makkabäer=69
1petrusbrief=21
1samuel=36
1thessalonicherbrief=13
1timotheusbrief=15
2chronik=41
2johannesbrief=24
2könige=39
2korintherbrief=08
2makkabäer=70
2petrusbrief=22
2samuel=37
2thessalonicherbrief=14
2timotheusbrief=16
3esra=67
3johannesbrief=25
3makkabäer=71
4esra=68
4makkabäer=72
6makkabäer=81
amos=57
apostelgeschichte=05
baruch=75
daniel=54
deuteronomium=32
epheserbrief=10
esra=42
ester=44
exodus=29
ezechiel=53
galaterbrief=09
genesis=28
habakuk=62
haggai=64
hebräerbrief=19
hoheslied=49
hosea=55
ijob=45
jakobusbrief=20
jeremia=51
jesaja=50
joel=56
johannesevangelium=04
jona=59
josua=33
judasbrief=26
judit=74
klagelieder=52
kohelet=48
kolosserbrief=12
levitikus=30
lukasevangelium=03
maleachi=66
markusevangelium=02
matthäusevangelium=01
micha=60
nahum=61
nehemia=43
numeri=31
obadja=58
offenbarungdesjohannes=27
philemonbrief=18
philipperbrief=11
psalmen=46
richter=34
römerbrief=06
rut=35
sacharja=65
sirach=77
sprichwörter=47
titusbrief=17
tobit=73
weisheit=78
zefanja=63
5esra=82
6esra=83
