matthäusevangelium=01
markusevangelium=02
lukasevangelium=03
johannesevangelium=04
apostelgeschichte=05
römerbrief=06
1korintherbrief=07
2korintherbrief=08
galaterbrief=09
epheserbrief=10
philipperbrief=11
kolosserbrief=12
1thessalonicherbrief=13
2thessalonicherbrief=14
1timotheusbrief=15
2timotheusbrief=16
titusbrief=17
philemonbrief=18
hebräerbrief=19
jakobusbrief=20
1petrusbrief=21
2petrusbrief=22
1johannesbrief=23
2johannesbrief=24
3johannesbrief=25
judasbrief=26
offenbarungdesjohannes=27
genesis=28
exodus=29
levitikus=30
numeri=31
deuteronomium=32
josua=33
richter=34
rut=35
1samuel=36
2samuel=37
1könige=38
2könige=39
1chronik=40
2chronik=41
esra=42
nehemia=43
ester=44
ijob=45
psalmen=46
sprichwörter=47
kohelet=48
hoheslied=49
jesaja=50
jeremia=51
klagelieder=52
ezechiel=53
daniel=54
hosea=55
joel=56
amos=57
obadja=58
jona=59
micha=60
nahum=61
habakuk=62
zefanja=63
haggai=64
sacharja=65
maleachi=66
3esra=67
4esra=68
1makkabäer=69
2makkabäer=70
3makkabäer=71
4makkabäer=72
tobit=73
judit=74
baruch=75
sirach=77
weisheit=78
6makkabäer=81
5esra=82
6esra=83
klageliederjeremias=84
epistulajeremiae=85
