Addressee=addressee
AddresseeIdentifier=addresseeidentifier
AddresseeIDType=m380
AddresseeName=x300
Affiliation=b046
AgentIdentifier=agentidentifier
AgentIDType=j400
AgentName=j401
AgentRole=j402
AlternativeName=alternativename
AncillaryContent=ancillarycontent
AncillaryContentDescription=x424
AncillaryContentType=x423
Audience=audience
AudienceCode=b073
AudienceCodeType=b204
AudienceCodeTypeName=b205
AudienceCodeValue=b206
AudienceDescription=b207
AudienceRange=audiencerange
AudienceRangePrecision=b075
AudienceRangeQualifier=b074
AudienceRangeValue=b076
AVDuration=x544
AVItem=avitem
AVItemIdentifier=avitemidentifier
AVItemIDType=x541
AVItemType=x540
Barcode=barcode
BarcodeType=x312
BatchBonus=batchbonus
BatchQuantity=j264
Bible=bible
BibleContents=b352
BiblePurpose=b354
BibleReferenceLocation=b356
BibleTextFeature=b357
BibleTextOrganization=b355
BibleVersion=b353
BiographicalNote=b044
BookClubAdoption=k169
CBO=j375
CitationNote=x434
CitedContent=citedcontent
CitedContentType=x430
CityOfPublication=b209
CollateralDetail=collateraldetail
Collection=collection
CollectionIdentifier=collectionidentifier
CollectionIDType=x344
CollectionSequence=collectionsequence
CollectionSequenceNumber=x481
CollectionSequenceTypeName=x480
CollectionSequenceType=x479
CollectionType=x329
ComparisonProductPrice=comparisonproductprice
ComplexityCode=b078
Complexity=complexity
ComplexitySchemeIdentifier=b077
ComponentNumber=b289
ComponentTypeName=b288
ConferenceAcronym=b341
Conference=conference
ConferenceDate=b054
ConferenceName=b052
ConferenceNumber=b053
ConferencePlace=b055
ConferenceRole=b051
ConferenceSponsor=conferencesponsor
ConferenceSponsorIdentifier=conferencesponsoridentifier
ConferenceSponsorIDType=b391
ConferenceTheme=b342
ContactName=x299
ContentAudience=x427
ContentDate=contentdate
ContentDateRole=x429
ContentDetail=contentdetail
ContentItem=contentitem
Contributor=contributor
ContributorDate=contributordate
ContributorDateRole=x417
ContributorDescription=b048
ContributorPlace=contributorplace
ContributorPlaceRelator=x418
ContributorRole=b035
ContributorStatement=b049
CopiesSold=k168
CopyrightOwner=copyrightowner
CopyrightOwnerIdentifier=copyrightowneridentifier
CopyrightOwnerIDType=b392
CopyrightStatement=copyrightstatement
CopyrightType=x512
CopyrightYear=b087
CorporateName=b047
CorporateNameInverted=x443
CountriesExcluded=x451
CountriesIncluded=x449
CountryCode=b251
CountryOfManufacture=x316
CountryOfPublication=b083
CurrencyCode=j152
CurrencyZone=x475
Date=b306
DateFormat=j260
DefaultCurrencyCode=m186
DefaultLanguageOfText=m184
DefaultPriceType=x310
DeletionText=a199
DescriptiveDetail=descriptivedetail
DiscountAmount=x469
DiscountCoded=discountcoded
DiscountCode=j364
DiscountCodeType=j363
DiscountCodeTypeName=j378
Discount=discount
DiscountPercent=j267
DiscountType=x467
EditionNumber=b057
EditionStatement=b058
EditionType=x419
EditionVersionNumber=b217
EmailAddress=j272
EndDate=b325
EndTime=543
EpubLicense=epublicense
EpubLicenseExpression=epublicenseexpression
EpubLicenseExpressionLink=x510
EpubLicenseExpressionTypeName=x509
EpubLicenseExpressionType=x508
EpubLicenseName=x511
EpubTechnicalProtection=x317
EpubUsageConstraint=epubusageconstraint
EpubUsageLimit=epubusagelimit
EpubUsageStatus=x319
EpubUsageType=x318
EpubUsageUnit=x321
EventAcronym=x517
EventDate=x520
Event=event
EventName=x516
EventNumber=x518
EventPlace=x521
EventRole=x515
EventSponsor=eventsponsor
EventSponsorIdentifier=eventsponsoridentifier
EventSponsorIDType=x522
EventTheme=x519
ExpectedDate=j302
Extent=extent
ExtentType=b218
ExtentUnit=b220
ExtentValue=b219
ExtentValueRoman=x421
FaxNumber=j271
FeatureNote=x440
FeatureValue=x439
FirstPageNumber=b286
FreeQuantity=j265
FromLanguage=x412
Funding=funding
FundingIdentifier=fundingidentifier
FundingIDType=x523
Gender=x524
Header=header
IDTypeName=b233
IDValue=b244
Illustrated=x422
IllustrationsNote=b062
ImprintIdentifier=imprintidentifier
ImprintIDType=x445
Imprint=imprint
ImprintName=b079
InitialPrintRun=k167
KeyNames=b040
LanguageCode=b252
Language=language
LanguageRole=b253
LastPageNumber=b287
LatestReprintNumber=x446
LettersAfterNames=b042
LevelSequenceNumber=b284
ListName=x432
LocationIdentifier=locationidentifier
LocationIDType=j377
LocationName=j349
MainSubject=x425
MapScale=b063
MarketDate=marketdate
MarketDateRole=j408
Market=market
MarketPublishingDetail=marketpublishingdetail
MarketPublishingStatus=j407
MarketPublishingStatusNote=x406
Measure=measure
Measurement=c094
MeasureType=x315
MeasureUnitCode=c095
MessageNote=m183
MessageNumber=m180
MessageRepeat=m181
MinimumOrderQuantity=j263
NameAsSubject=nameassubject
NameIdentifier=nameidentifier
NameIDType=x415
NamesAfterKey=b041
NamesBeforeKey=b039
NameType=x414
NewSupplier=newsupplier
NoCollection=x411
NoContributor=n339
NoEdition=n386
NoPrefix=x501
NoProduct=x507
NotificationType=a002
Number=b257
NumberOfCopies=x323
NumberOfIllustrations=b125
NumberOfItemsOfThisForm=x322
NumberOfPages=b061
OnHand=j350
OnOrderDetail=onorderdetail
OnOrder=j351
OrderQuantityMinimum=x532
OrderQuantityMultiple=x533
OrderTime=j144
PackQuantity=j145
PageRun=pagerun
PalletQuantity>=x545
PartNumber=x410
Percent=b337
PersonName=b036
PersonNameInverted=b037
PositionOnList=x433
PositionOnProduct=x313
PrefixToKey=b247
PriceAmount=j151
PriceCoded=pricecoded
PriceCodeTypeName=x477
PriceCodeType=x465
PriceCode=x468
PriceCondition=pricecondition
PriceConditionQuantity=priceconditionquantity
PriceConditionQuantityType=x464
PriceConditionType=x463
PriceConstraintLimit=priceconstraintlimit
PriceConstraint=priceconstraint
PriceConstraintStatus=x530
PriceConstraintType=x529
PriceConstraintUnit=x531
PriceDate=pricedate
PriceDateRole=x476
PriceIdentifier=priceidentifier
PriceIDType=x506
PricePartDescription=x535
PricePer=j239
Price=price
PriceQualifier=j261
PriceStatus=j266
PriceTypeDescription=j262
PriceType=x462
PrimaryContentType=x416
PrimaryPart=x457
PrintedOnProduct=x301
PrizeCode=g129
PrizeCountry=g128
PrizeJury=g343
PrizeName=g126
Prize=prize
PrizeStatement=x503
PrizeYear=g127
ProductAvailability=j396
ProductClassificationCode=b275
ProductClassification=productclassification
ProductClassificationType=b274
ProductComposition=x314
ProductContactIdentifier=productcontactidentifier
ProductContactIDType=x483
ProductContactName=x484
ProductContact=productcontact
ProductContactRole=x482
ProductContentType=b385
ProductForm=b012
ProductFormDescription=b014
ProductFormDetail=b333
ProductFormFeatureDescription=b336
ProductFormFeature=productformfeature
ProductFormFeatureType=b334
ProductFormFeatureValue=b335
ProductIdentifier=productidentifier
ProductIDType=b221
ProductPackaging=b225
ProductPart=productpart
Product=product
ProductRelationCode=x455
ProductSupply=productsupply
ProfessionalAffiliation=professionalaffiliation
ProfessionalPosition=b045
PromotionCampaign=k165
PromotionContact=k166
Proximity=x502
PublisherIdentifier=publisheridentifier
PublisherIDType=x447
PublisherName=b081
Publisher=publisher
PublisherRepresentative=publisherrepresentative
PublishingDate=publishingdate
PublishingDateRole=x448
PublishingDetail=publishingdetail
PublishingRole=b291
PublishingStatus=b394
PublishingStatusNote=b395
QuantityUnit=x466
Quantity=x320
Rate=x505
RatingLimit=x526
RatingUnits=x527
Rating=x525
RecordReference=a001
RecordSourceIdentifier=recordsourceidentifier
RecordSourceIDType=x311
RecordSourceName=a197
RecordSourceType=a194
RegionCode=b398
RegionsExcluded=x452
RegionsIncluded=x450
ReissueDate=j365
ReissueDescription=j366
Reissue=reissue
RelatedMaterial=relatedmaterial
RelatedProduct=relatedproduct
RelatedWork=relatedwork
ReligiousTextFeatureCode=b359
ReligiousTextFeatureDescription=b360
ReligiousTextFeature=religioustextfeature
ReligiousTextFeatureType=b358
ReligiousTextIdentifier=b376
ReligiousText=religioustext
ReprintDetail=k309
Reserved=x536
ResourceContentType=x436
ResourceFeature=resourcefeature
ResourceFeatureType=x438
ResourceForm=x441
ResourceLink=x435
ResourceMode=x437
ResourceVersionFeature=resourceversionfeature
ResourceVersionFeatureType=x442
ResourceVersion=resourceversion
ReturnsCode=j269
ReturnsCodeType=j268
ReturnsCodeTypeName=x460
ReturnsConditions=returnsconditions
ReturnsNote=x528
ReviewRating=reviewrating
ROWSalesRightsType=x456
SalesOutletIdentifier=salesoutletidentifier
SalesOutletIDType=b393
SalesOutletName=b382
SalesOutlet=salesoutlet
SalesRestrictionNote=x453
SalesRestriction=salesrestriction
SalesRestrictionType=b381
SalesRights=salesrights
SalesRightsType=b089
ScriptCode=x420
SenderIdentifier=senderidentifier
SenderIDType=m379
SenderName=x298
Sender=sender
SentDateTime=x307
SequenceNumber=b034
SourceName=x330
SourceTitle=x428
SourceType=x431
StartDate=b324
StartTime=x542
StockQuantityCoded=stockquantitycoded
StockQuantityCode=j297
StockQuantityCodeType=j293
StockQuantityCodeTypeName=j296
Stock=stock
StudyBibleType=b389
SubjectCode=b069
SubjectDateRole=x534
SubjectDate=subjectdate
SubjectHeadingText=b070
SubjectSchemeIdentifier=b067
SubjectSchemeName=b171
SubjectSchemeVersion=b068
Subject=subject
Subtitle=b029
SuffixToKey=b248
SupplierCodeTypeName=x513
SupplierCodeType=x458
SupplierCodeValue=x459
SupplierIdentifier=supplieridentifier
SupplierIDType=j345
SupplierName=j137
SupplierOwnCoding=supplierowncoding
SupplierRole=j292
Supplier=supplier
SupplyContactIdentifier=supplycontactidentifier
SupplyContactIDType=x538
SupplyContactName=x539
SupplyContactRole=x537
SupplyContact=supplycontact
SupplyDateRole=x461
SupplyDate=supplydate
SupplyDetail=supplydetail
SupportingResource=supportingresource
TaxableAmount=x473
TaxAmount=x474
TaxExempt=x546
TaxRateCode=x471
TaxRatePercent=x472
Tax=tax
TaxType=x470
TelephoneNumber=j270
Territory=territory
TextAuthor=d107
TextContent=textcontent
Text=d104
TextItemIdentifier=textitemidentifier
TextItemIDType=b285
TextItem=textitem
TextItemType=b290
TextSourceCorporate=b374
TextType=x426
ThesisPresentedTo=b369
ThesisType=b368
ThesisYear=b370
TimeRun=timerun
Title=title
TitleDetail=titledetail
TitleElementLevel=x409
TitleElement=titleelement
TitlePrefix=b030
TitlesAfterNames=b043
TitlesBeforeNames=b038
TitleStatement=x478
TitleText=b203
TitleType=b202
TitleWithoutPrefix=b031
ToLanguage=x413
ToQuantity=x514
TradeCategory=b384
UnnamedPersons=b249
UnpricedItemType=j192
VelocityMetric=x504
Velocity=velocity
WebsiteDescription=b294
WebsiteLink=b295
WebsiteRole=b367
Website=website
WorkIdentifier=workidentifier
WorkIDType=b201
WorkRelationCode=x454
YearOfAnnual=b020
