matthäusevangelium=01
römerbrief=02
genesis=03
amos=04
lukasevangelium=05
baruch=06
1korintherbrief=07
2korintherbrief=08
2chronik=09
daniel=10
deuteronomium=11
esra=12
exodus=13
ezechiel=14
habakuk=15
haggai=16
hebräerbrief=17
hosea=18
jakobusbrief=19
jesaja=20
joel=21
johannesevangelium=22
josua=23
judasbrief=24
1makkabäer=25
maleachi=26
markusevangelium=27
micha=28
nahum=29
nehemia=30
numeri=31
obadja=32
2petrusbrief=33
kohelet=34
psalmen=35
richter=36
1samuel=37
sirach=38
1thessalonicherbrief=39
tobit=40
1chronik=41
ester=42
hoheslied=43
ijob=44
jeremia=45
johannes-apokalypse=46
3johannesbrief=47
jona=48
judit=49
klageliederjeremias=50
1könige=51
2könige=52
leviticus=53
2makkabäer=54
epheserbrief=55
philipperbrief=56
2thessalonicherbrief=57
1timotheusbrief=58
2timotheusbrief=59
titusbrief=60
galaterbrief=61
kolosserbrief=62
philemonbrief=63
1petrusbrief=64
rut=65
sacharja=66
2samuel=67
sprichwörter=68
weisheit=69
zefanja=70
1johannesbrief=71
2johannesbrief=72
apostelgeschichte=73
3makkabäer=74
4makkabäer=75
6makkabäer=76
