1mose=genesis
1.mose=genesis
1.mosebuch=genesis
1.buchmose=genesis
genesis=genesis
genesi=genesis
genèse=genesis
genese=genesis
gen=genesis
ge=genesis
gn=genesis
2mose=exodus
2.mose=exodus
2.mosebuch=exodus
exodus=exodus
esodo=exodus
exode=exodus
exodo=exodus
ex=exodus
exod=exodus
es=exodus
3mose=levitikus
3.mose=levitikus
3.mosebuch=levitikus
levitikus=levitikus
leviticus=levitikus
levitico=levitikus
lévitique=levitikus
levitique=levitikus
lev=levitikus
lv=levitikus
le=levitikus
4mose=numeri
4.mose=numeri
4.mosebuch=numeri
numeri=numeri
numbers=numeri
nombres=numeri
números=numeri
num=numeri
nomb=numeri
nm=numeri
nb=numeri
nu=numeri
5mose=deuteronomium
5.mose=deuteronomium
5.mosebuch=deuteronomium
deuteronomium=deuteronomium
deuteronomy=deuteronomium
deuteronomio=deuteronomium
deutéronome=deuteronomium
deuteronome=deuteronomium
dtn=deuteronomium
deut=deuteronomium
dt=deuteronomium
josua=josua
joshua=josua
giosuè=josua
josué=josua
josue=josua
jos=josua
josh=josua
jsh=josua
ios=josua
gs=josua
richter=richter
judges=richter
giudici=richter
juges=richter
jueces=richter
ri=richter
judg=richter
jdgs=richter
jue=richter
jdc=richter
jgs=richter
jgd=richter
jg=richter
idc=richter
gdc=richter
rut=rut
ruth=rut
ru=rut
rth=rut
rt=rut
1samuel=1samuel
1.samuel=1samuel
1samuele=1samuel
1.samuele=1samuel
1.samuelbuch=1samuel
1sam=1samuel
1.sam=1samuel
1sm=1samuel
1.sm=1samuel
1s=1samuel
1.s=1samuel
2samuel=2samuel
2.samuel=2samuel
2samuele=2samuel
2.samuele=2samuel
2.samuelbuch=2samuel
2sam=2samuel
2.sam=2samuel
2sm=2samuel
2.sm=2samuel
2s=2samuel
2.s=2samuel
1könige=1könige
1.könige=1könige
1.königsbuch=1könige
1kings=1könige
1.kings=1könige
1reyes=1könige
1.reyes=1könige
1kön=1könige
1.kön=1könige
1kgs=1könige
1.kgs=1könige
1ki=1könige
1.ki=1könige
1reg=1könige
1.reg=1könige
1rg=1könige
1.rg=1könige
1re=1könige
1.re=1könige
1r=1könige
1.r=1könige
1rois=1könige
1.rois=1könige
2könige=2könige
2.könige=2könige
2.königsbuch=2könige
2kings=2könige
2.kings=2könige
2reyes=2könige
2.reyes=2könige
2kön=2könige
2.kön=2könige
2kgs=2könige
2.kgs=2könige
2ki=2könige
2.ki=2könige
2reg=2könige
2.reg=2könige
2rg=2könige
2.rg=2könige
2re=2könige
2.re=2könige
2r=2könige
2.r=2könige
2rois=2könige
2.rois=2könige
1chronik=1chronik
1.chronik=1chronik
1.chronikbuch=1chronik
1chronicles=1chronik
1.chronicles=1chronik
1cronache=1chronik
1.cronache=1chronik
1chroniques=1chronik
1.chroniques=1chronik
1crónicas=1chronik
1.crónicas=1chronik
1cronicas=1chronik
1.cronicas=1chronik
1chron=1chronik
1.chron=1chronik
1chr=1chronik
1.chr=1chronik
1ch=1chronik
1.ch=1chronik
1cr=1chronik
1.cr=1chronik
1par=1chronik
1.par=1chronik
2chronik=2chronik
2.chronik=2chronik
2.chronikbuch=2chronik
2chronicles=2chronik
2.chronicles=2chronik
2cronache=2chronik
2.cronache=2chronik
2chroniques=2chronik
2.chroniques=2chronik
2crónicas=2chronik
2.crónicas=2chronik
2cronicas=2chronik
2.cronicas=2chronik
2chron=2chronik
2.chron=2chronik
2chr=2chronik
2.chr=2chronik
2ch=2chronik
2.ch=2chronik
2cr=2chronik
2.cr=2chronik
2par=2chronik
2.par=2chronik
esra=esra
ezra=esra
esdra=esra
esdras=esra
ezr=esra
esr=esra
esd=esra
3esra=3esra
3.esra=3esra
3ezra=3esra
3.ezra=3esra
3ezr=3esra
3.ezr=3esra
3esd=3esra
3.esd=3esra
1esdras=3esra
1.esdras=3esra
4esra=4esra
4.esra=4esra
4ezr=4esra
4ezra=4esra
4.ezr=4esra
4esd=4esra
4.esd=4esra
2esdras=4esra
2.esdras=4esra
nehemia=nehemia
nehemiah=nehemia
neemia=nehemia
néhémie=nehemia
nehemie=nehemia
nehemías=nehemia
nehemias=nehemia
neh=nehemia
ne=nehemia
2esra=nehemia
2.esra=nehemia
tobit=tobit
tobia=tobit
tobie=tobit
tob=tobit
tb=tobit
judit=judit
judith=judit
giuditta=judit
jdth=judit
jdt=judit
idt=judit
gdt=judit
ester=ester
esther=ester
esth=ester
est=ester
1makkabäer=1makkabäer
1.makkabäer=1makkabäer
1maccabes=1makkabäer
1.maccabes=1makkabäer
1maccabei=1makkabäer
1.maccabei=1makkabäer
1macchabées=1makkabäer
1macchabees=1makkabäer
1.macchabées=1makkabäer
1.macchabees=1makkabäer
1macabeos=1makkabäer
1.macabeos=1makkabäer
1makk=1makkabäer
1.makk=1makkabäer
1mac=1makkabäer
1.mac=1makkabäer
1mcc=1makkabäer
1.mcc=1makkabäer
1ma=1makkabäer
1.ma=1makkabäer
1m=1makkabäer
1.m=1makkabäer
2makkabäer=2makkabäer
2.makkabäer=2makkabäer
2maccabees=2makkabäer
2.maccabees=2makkabäer
2maccabei=2makkabäer
2.maccabei=2makkabäer
2macchabées=2makkabäer
2macchabees=2makkabäer
2.macchabées=2makkabäer
2.macchabees=2makkabäer
2macabeos=2makkabäer
2.macabeos=2makkabäer
2makk=2makkabäer
2.makk=2makkabäer
2mac=2makkabäer
2.mac=2makkabäer
2mcc=2makkabäer
2.mcc=2makkabäer
2ma=2makkabäer
2.ma=2makkabäer
2m=2makkabäer
2.m=2makkabäer
3makkabäer=3makkabäer
3.makkabäer=3makkabäer
3makk=3makkabäer
3.makk=3makkabäer
3mac=3makkabäer
3.mac=3makkabäer
3mcc=3makkabäer
3.mcc=3makkabäer
3ma=3makkabäer
3.ma=3makkabäer
3m=3makkabäer
3.m=3makkabäer
4makkabäer=4makkabäer
4.makkabäer=4makkabäer
4makk=4makkabäer
4.makk=4makkabäer
4mac=4makkabäer
4.mac=4makkabäer
4mcc=4makkabäer
4.mcc=4makkabäer
4ma=4makkabäer
4.ma=4makkabäer
4m=4makkabäer
4.m=4makkabäer
6makkabäer=6makkabäer
6.makkabäer=6makkabäer
6makk=6makkabäer
6.makk=6makkabäer
6mac=6makkabäer
6.mac=6makkabäer
6mcc=6makkabäer
6.mcc=6makkabäer
6ma=6makkabäer
6.ma=6makkabäer
6m=6makkabäer
6.m=6makkabäer
ijob=ijob
iob=ijob
giobbe=ijob
job=ijob
jb=ijob
gb=ijob
hiob=ijob
hi=ijob
psalmen=psalmen
psalms=psalmen
salmi=psalmen
salme=psalmen
psaumes=psalmen
psaum=psalmen
salmos=psalmen
salm=psalmen
psalm=psalmen
psa=psalmen
ps=psalmen
sal=psalmen
sl=psalmen
sprichwörter=sprichwörter
proverbs=sprichwörter
proverbi=sprichwörter
proverbes=sprichwörter
proverbios=sprichwörter
prov=sprichwörter
prv=sprichwörter
pro=sprichwörter
pr=sprichwörter
spr=sprichwörter
kohelet=kohelet
ecclesiastes=kohelet
ecclesiaste=kohelet
ecclésiaste=kohelet
eclesiastés=kohelet
qohelet=kohelet
eccles=kohelet
eccle=kohelet
eccl=kohelet
ec=kohelet
koh=kohelet
qoh=kohelet
qo=kohelet
hoheslied=hoheslied
songofsolomon=hoheslied
cantici=hoheslied
cantiques=hoheslied
cantares=hoheslied
hld=hoheslied
cant=hoheslied
cnt=hoheslied
ct=hoheslied
song=hoheslied
sng=hoheslied
hohelied=hoheslied
weisheit=weisheit
wisdomofsolomon=weisheit
sapienza=weisheit
weish=weisheit
wisd=weisheit
wis=weisheit
sap=weisheit
sab=weisheit
sag=weisheit
sg=weisheit
sb=weisheit
sirach=sirach
ecclesiasticus=sirach
siracide=sirach
sirácida=sirach
siracida=sirach
eclo=sirach
sir=sirach
si=sirach
jesaja=jesaja
isaiah=jesaja
isaia=jesaja
esaie=jesaja
isaías=jesaja
isaias=jesaja
jes=jesaja
isa=jesaja
is=jesaja
jeremia=jeremia
jeremiah=jeremia
geremia=jeremia
jérémie=jeremia
jeremie=jeremia
jeremías=jeremia
jeremias=jeremia
jer=jeremia
jr=jeremia
ier=jeremia
ger=jeremia
klagelieder=klageliederjeremias
lamentations=klageliederjeremias
lamentazioni=klageliederjeremias
lamentaciones=klageliederjeremias
klgl=klageliederjeremias
thr=klageliederjeremias
lam=klageliederjeremias
lm=klageliederjeremias
baruch=baruch
baruc=baruch
bar=baruch
ba=baruch
epistulajeremiae=epistulajeremiae
letterofjeremiah=epistulajeremiae
letteradigeremia=epistulajeremiae
epjer=epistulajeremiae
letjer=epistulajeremiae
lje=epistulajeremiae
ltrjer=epistulajeremiae
baruch6=epistulajeremiae
bar6=epistulajeremiae
ba6=epistulajeremiae
epjer=epistulajeremiae
letjer=epistulajeremiae
lje=epistulajeremiae
ltrjer=epistulajeremiae
letjr=epistulajeremiae
ezechiel=ezechiel
ezekiel=ezechiel
ezechiele=ezechiel
ezéchiel=ezechiel
ezequiel=ezechiel
ezek=ezechiel
ez=ezechiel
daniel=daniel
daniele=daniel
dan=daniel
dn=daniel
hosea=hosea
hos=hosea
osea=hosea
osée=hosea
oseas=hosea
ho=hosea
os=hosea
joel=joel
gioele=joel
jl=joel
il=joel
gl=joel
amos=amos
amós=amos
am=amos
obadja=obadja
obadiah=obadja
abdia=obadja
abdias=obadja
abdías=obadja
obad=obadja
oba=obadja
obd=obadja
ob=obadja
abd=obadja
ab=obadja
jona=jona
jonah=jona
giona=jona
jonas=jona
jonás=jona
jon=jona
ion=jona
gio=jona
micha=micha
micah=micha
michea=micha
michée=micha
michee=micha
miqueas=micha
mich=micha
mic=micha
mch=micha
miq=micha
mi=micha
nahum=nahum
naum=nahum
nah=nahum
na=nahum
habakuk=habakuk
habakkuk=habakuk
abacuc=habakuk
habaquq=habakuk
habacuc=habakuk
hab=habakuk
ha=habakuk
ab=habakuk
zefanja=zefanja
zephaniah=zefanja
sofonia=zefanja
sophonie=zefanja
sofonías=zefanja
sofonias=zefanja
zeph=zefanja
zph=zefanja
zef=zefanja
zep=zefanja
soph=zefanja
sof=zefanja
so=zefanja
haggai=haggai
aggeo=haggai
aggée=haggai
aggee=haggai
hageo=haggai
hagg=haggai
hag=haggai
hgg=haggai
agg=haggai
ag=haggai
sacharja=sacharja
zechariah=sacharja
zaccaria=sacharja
zacharie=sacharja
zacarías=sacharja
zacarias=sacharja
sach=sacharja
zech=sacharja
zach=sacharja
zch=sacharja
zac=sacharja
za=sacharja
zc=sacharja
maleachi=maleachi
malachi=maleachi
malachia=maleachi
malachie=maleachi
malaquías=maleachi
malaquias=maleachi
mal=maleachi
ml=maleachi
matthäusevangelium=matthäusevangelium
matthew=matthäusevangelium
matteo=matthäusevangelium
matthieu=matthäusevangelium
mateo=matthäusevangelium
matthäus=matthäusevangelium
matt=matthäusevangelium
mt=matthäusevangelium
markusevangelium=markusevangelium
markus=markusevangelium
mark=markusevangelium
marco=markusevangelium
marcos=markusevangelium
marc=markusevangelium
mk=markusevangelium
mc=markusevangelium
lukasevangelium=lukasevangelium
lukas=lukasevangelium
luke=lukasevangelium
luca=lukasevangelium
luc=lukasevangelium
lucas=lukasevangelium
lk=lukasevangelium
lc=lukasevangelium
l=lukasevangelium
johannesevangelium=johannesevangelium
johannes=johannesevangelium
giovanni=johannesevangelium
john=johannesevangelium
jean=johannesevangelium
juan=johannesevangelium
joh=johannesevangelium
jn=johannesevangelium
gv=johannesevangelium
io=johannesevangelium
j=johannesevangelium
apostelgeschichte=apostelgeschichte
acts=apostelgeschichte
atti=apostelgeschichte
actes=apostelgeschichte
hechos=apostelgeschichte
act=apostelgeschichte
apg=apostelgeschichte
ac=apostelgeschichte
hch=apostelgeschichte
he=apostelgeschichte
römerbrief=römerbrief
romans=römerbrief
romani=römerbrief
romains=römerbrief
romanos=römerbrief
röm=römerbrief
rom=römerbrief
rm=römerbrief
ro=römerbrief
r=römerbrief
1korintherbrief=1korintherbrief
1.korintherbrief=1korintherbrief
1corinthians=1korintherbrief
1.corinthians=1korintherbrief
1corinzi=1korintherbrief
1.corinzi=1korintherbrief
1corinthiens=1korintherbrief
1.corinthiens=1korintherbrief
1corintios=1korintherbrief
1.corintios=1korintherbrief
1korinther=1korintherbrief
1.korinther=1korintherbrief
1kor=1korintherbrief
1.kor=1korintherbrief
1cor=1korintherbrief
1.cor=1korintherbrief
1co=1korintherbrief
1.co=1korintherbrief
1k=1korintherbrief
1.k=1korintherbrief
2korintherbrief=2korintherbrief
2.korintherbrief=2korintherbrief
2corinthians=2korintherbrief
2.corinthians=2korintherbrief
2corinzi=2korintherbrief
2.corinzi=2korintherbrief
2corinthiens=2korintherbrief
2.corinthiens=2korintherbrief
2corintios=2korintherbrief
2.corintios=2korintherbrief
2korinther=2korintherbrief
2.korinther=2korintherbrief
2kor=2korintherbrief
2.kor=2korintherbrief
2cor=2korintherbrief
2.cor=2korintherbrief
2co=2korintherbrief
2.co=2korintherbrief
2k=2korintherbrief
2.k=2korintherbrief
galaterbrief=galaterbrief
galatians=galaterbrief
galater=galaterbrief
galati=galaterbrief
galates=galaterbrief
gálatas=galaterbrief
galatas=galaterbrief
gal=galaterbrief
ga=galaterbrief
g=galaterbrief
epheserbrief=epheserbrief
ephesians=epheserbrief
efesini=epheserbrief
ephésiens=epheserbrief
ephesiens=epheserbrief
efesios=epheserbrief
epheser=epheserbrief
eph=epheserbrief
ep=epheserbrief
ef=epheserbrief
e=epheserbrief
philipperbrief=philipperbrief
philippians=philipperbrief
filippesi=philipperbrief
philippiens=philipperbrief
filipenses=philipperbrief
philp=philipperbrief
phil=philipperbrief
php=philipperbrief
ph=philipperbrief
ph=philipperbrief
fil=philipperbrief
flp=philipperbrief
kolosserbrief=kolosserbrief
colossians=kolosserbrief
colossesi=kolosserbrief
colossiens=kolosserbrief
colosenses=kolosserbrief
kol=kolosserbrief
col=kolosserbrief
1thessalonicherbrief=1thessalonicherbrief
1.thessalonicherbrief=1thessalonicherbrief
1thessalonians=1thessalonicherbrief
1.thessalonians=1thessalonicherbrief
1tessalonicesi=1thessalonicherbrief
1.tessalonicesi=1thessalonicherbrief
1thessaloniciens=1thessalonicherbrief
1.thessaloniciens=1thessalonicherbrief
1tesalonicenses=1thessalonicherbrief
1.tesalonicenses=1thessalonicherbrief
1thessalonicher=1thessalonicherbrief
1.thessalonicher=1thessalonicherbrief
1thess=1thessalonicherbrief
1.thess=1thessalonicherbrief
1thes=1thessalonicherbrief
1.thes=1thessalonicherbrief
1th=1thessalonicherbrief
1.th=1thessalonicherbrief
1tess=1thessalonicherbrief
1.tess=1thessalonicherbrief
1ts=1thessalonicherbrief
1.ts=1thessalonicherbrief
1te=1thessalonicherbrief
1.te=1thessalonicherbrief
2thessalonicherbrief=2thessalonicherbrief
2.thessalonicherbrief=2thessalonicherbrief
2thessalonians=2thessalonicherbrief
2.thessalonians=2thessalonicherbrief
2tessalonicesi=2thessalonicherbrief
2.tessalonicesi=2thessalonicherbrief
2thessaloniciens=2thessalonicherbrief
2.thessaloniciens=2thessalonicherbrief
2tesalonicenses=2thessalonicherbrief
2.tesalonicenses=2thessalonicherbrief
2thessalonicher=2thessalonicherbrief
2.thessalonicher=2thessalonicherbrief
2thess=2thessalonicherbrief
2.thess=2thessalonicherbrief
2thes=2thessalonicherbrief
2.thes=2thessalonicherbrief
2th=2thessalonicherbrief
2.th=2thessalonicherbrief
2tess=2thessalonicherbrief
2.tess=2thessalonicherbrief
2ts=2thessalonicherbrief
2.ts=2thessalonicherbrief
2te=2thessalonicherbrief
2.te=2thessalonicherbrief
1timotheusbrief=1timotheusbrief
1.timotheusbrief=1timotheusbrief
1timotheus=1timotheusbrief
1.timotheus=1timotheusbrief
1timothy=1timotheusbrief
1.timothy=1timotheusbrief
1timoteo=1timotheusbrief
1.timoteo=1timotheusbrief
1timothée=1timotheusbrief
1timothee=1timotheusbrief
1.timothée=1timotheusbrief
1.timothee=1timotheusbrief
1tim=1timotheusbrief
1.tim=1timotheusbrief
1tm=1timotheusbrief
1.tm=1timotheusbrief
1t=1timotheusbrief
1.t=1timotheusbrief
2timotheusbrief=2timotheusbrief
2.timotheusbrief=2timotheusbrief
2timothy=2timotheusbrief
2.timothy=2timotheusbrief
2timoteo=2timotheusbrief
2.timoteo=2timotheusbrief
2timothée=2timotheusbrief
2timothee=2timotheusbrief
2.timothée=2timotheusbrief
2.timothee=2timotheusbrief
2timotheus=2timotheusbrief
2.timotheus=2timotheusbrief
2tim=2timotheusbrief
2.tim=2timotheusbrief
2tm=2timotheusbrief
2.tm=2timotheusbrief
2t=2timotheusbrief
2.t=2timotheusbrief
titusbrief=titusbrief
tito=titusbrief
tite=titusbrief
titus=titusbrief
tit=titusbrief
tt=titusbrief
ti=titusbrief
philemonbrief=philemonbrief
philemon=philemonbrief
filemone=philemonbrief
filèmone=philemonbrief
philémon=philemonbrief
filemón=philemonbrief
filemon=philemonbrief
philem=philemonbrief
philm=philemonbrief
phlm=philemonbrief
phm=philemonbrief
film=philemonbrief
flm=philemonbrief
fm=philemonbrief
hebräerbrief=hebräerbrief
hebrews=hebräerbrief
ebrei=hebräerbrief
hébreux=hebräerbrief
hebreux=hebräerbrief
hebreos=hebräerbrief
hebräer=hebräerbrief
hebr=hebräerbrief
heb=hebräerbrief
h=hebräerbrief
ebr=hebräerbrief
eb=hebräerbrief
jakobusbrief=jakobusbrief
james=jakobusbrief
giacomo=jakobusbrief
jacques=jakobusbrief
jakobus=jakobusbrief
santiago=jakobusbrief
jam=jakobusbrief
jak=jakobusbrief
jas=jakobusbrief
iac=jakobusbrief
jc=jakobusbrief
giac=jakobusbrief
gc=jakobusbrief
sant=jakobusbrief
stg=jakobusbrief
1petrusbrief=1petrusbrief
1.petrusbrief=1petrusbrief
1peter=1petrusbrief
1.peter=1petrusbrief
1pietro=1petrusbrief
1.pietro=1petrusbrief
1pierre=1petrusbrief
1.pierre=1petrusbrief
1pedro=1petrusbrief
1.pedro=1petrusbrief
1petrus=1petrusbrief
1.petrus=1petrusbrief
1petr=1petrusbrief
1.petr=1petrusbrief
1pet=1petrusbrief
1.pet=1petrusbrief
1pt=1petrusbrief
1.pt=1petrusbrief
1pe=1petrusbrief
1.pe=1petrusbrief
1p=1petrusbrief
1.p=1petrusbrief
1piet=1petrusbrief
1.piet=1petrusbrief
2petrusbrief=2petrusbrief
2.petrusbrief=2petrusbrief
2peter=2petrusbrief
2.peter=2petrusbrief
2pietro=2petrusbrief
2.pietro=2petrusbrief
2pierre=2petrusbrief
2.pierre=2petrusbrief
2pedro=2petrusbrief
2.pedro=2petrusbrief
2petrus=2petrusbrief
2.petrus=2petrusbrief
2petr=2petrusbrief
2.petr=2petrusbrief
2pet=2petrusbrief
2.pet=2petrusbrief
2pt=2petrusbrief
2.pt=2petrusbrief
2pe=2petrusbrief
2.pe=2petrusbrief
2p=2petrusbrief
2.p=2petrusbrief
2piet=2petrusbrief
2.piet=2petrusbrief
1johannesbrief=1johannesbrief
1.johannesbrief=1johannesbrief
1john=1johannesbrief
1.john=1johannesbrief
1giovanni=1johannesbrief
1.giovanni=1johannesbrief
1jean=1johannesbrief
1.jean=1johannesbrief
1juan=1johannesbrief
1.juan=1johannesbrief
1johannes=1johannesbrief
1.johannes=1johannesbrief
1john=1johannesbrief
1.john=1johannesbrief
1joh=1johannesbrief
1.joh=1johannesbrief
1jn=1johannesbrief
1.jn=1johannesbrief
1j=1johannesbrief
1.j=1johannesbrief
1io=1johannesbrief
1.io=1johannesbrief
1gv=1johannesbrief
1.gv=1johannesbrief
2johannesbrief=2johannesbrief
2.johannesbrief=2johannesbrief
2john=2johannesbrief
2.john=2johannesbrief
2giovanni=2johannesbrief
2.giovanni=2johannesbrief
2jean=2johannesbrief
2.jean=2johannesbrief
2juan=2johannesbrief
2.juan=2johannesbrief
2johannes=2johannesbrief
2.johannes=2johannesbrief
2john=2johannesbrief
2.john=2johannesbrief
2joh=2johannesbrief
2.joh=2johannesbrief
2jn=2johannesbrief
2.jn=2johannesbrief
2j=2johannesbrief
2.j=2johannesbrief
2io=2johannesbrief
2.io=2johannesbrief
2gv=2johannesbrief
2.gv=2johannesbrief
3johannesbrief=3johannesbrief
3.johannesbrief=3johannesbrief
3john=3johannesbrief
3.john=3johannesbrief
3giovanni=3johannesbrief
3.giovanni=3johannesbrief
3jean=3johannesbrief
3juan=3johannesbrief
3.juan=3johannesbrief
3.jean=3johannesbrief
3johannes=3johannesbrief
3.johannes=3johannesbrief
3john=3johannesbrief
3.john=3johannesbrief
3joh=3johannesbrief
3.joh=3johannesbrief
3jn=3johannesbrief
3.jn=3johannesbrief
3j=3johannesbrief
3.j=3johannesbrief
3io=3johannesbrief
3.io=3johannesbrief
3gv=3johannesbrief
3.gv=3johannesbrief
judasbrief=judasbrief
judas=judasbrief
giuda=judasbrief
jude=judasbrief
jud=judasbrief
jds=judasbrief
jd=judasbrief
ids=judasbrief
giuda=judasbrief
gd=judasbrief
johannesapokalypse=offenbarungdesjohannes
offenbarungdesjohannes=offenbarungdesjohannes
revelation=offenbarungdesjohannes
apocalisse=offenbarungdesjohannes
apocalypse=offenbarungdesjohannes
apocalipsis=offenbarungdesjohannes
revelación=offenbarungdesjohannes
revelacion=offenbarungdesjohannes
apoc=offenbarungdesjohannes
apc=offenbarungdesjohannes
offb=offenbarungdesjohannes
rev=offenbarungdesjohannes
johannes-apokalypse=offenbarungdesjohannes
offenbarung=offenbarungdesjohannes
klagelieder=klageliederjeremias
