0044-3441=0; 1 # Zeitschrift für Religions- und Geistesgeschichte
1570-0739=0; 1 # Zeitschrift für Religions- und Geistesgeschichte
1862-5886=0 # Zeitschrift für junge Religionswissenschaft
1612-2941=0 # Marburg Journal of Religion
2363-6696=0 # Entangled Religions
0943-3058=0 # Method and theory in the study of religion
1570-0682=0 # Method and theory in the study of religion
0141-6200=0; 1 # British Journal of Religious Education
1749-4907=0; 1 # Journal for the study of religion, nature and culture
1094-2076=0; 1 # Near Eastern archaeology
1574-3012=0; 1 # Religion & theology
1023-0807=0; 1 # Religion & theology
0022-5762=0; 1 # Judaism
1570-0631=0; 1 # Journal for the study of Judaism
0022-4480=0; 1 # Journal of Semitic studies !!pppn
1477-8556=0; 1 # Journal of Semitic studies !!eppn
0022-4235=0; 1 # The journal of religious thought
0022-2097=0; 1 # The journal of Jewish studies
0003-0279=0; 1 # Journal of the American Oriental Society
0591-2385=0 # Zygon
1467-9744=0 # Zygon
0891-5881=0 # Dialogue and alliance
0037-7686=0; 1 # Social compass
1461-7404=0; 1 # Social compass
0018-2613=0; 1 # Historische Zeitschrift
1135-4712=0 # 'Ílu
0888-3769=0; 1 # Religion and literature
0029-4500=0; 1 # Religion and literature
0034-4125=0 # Religious studies
1469-901X=0 # Religious studies
0018-2710=0 # History of religions
1545-6935=0 # History of religions
0384-9694=0; 1 # Journal of religious ethics
1467-9795=0; 1 # Journal of religious ethics
0022-4200=0 # Journal of religion in Africa
1570-0666=0 # Journal of religion in Africa
1092-6690=0 # Nova religio
1541-8480=0 # Nova religio
1079-9265=0; 1 # Religion and the arts
1568-5292=0; 1 # Religion and the arts
0008-4298=0 # Studies in religion = Sciences religieuses
2042-0587=0 # Studies in religion = Sciences religieuses
1380-7854=0; 1 # Medieval encounters
1570-0674=0; 1 # Medieval encounters
0319-485X=0 # Religious studies review
1748-0922=0 # Religious studies review
0497-1817=0; 1 # Temenos
2342-7256=0; 1 # Temenos
0890-1112=0 # Journal of ritual studies
0011-1953=0; 1 # Cross currents
1939-3881=0; 1 # Cross currents
00111953=0; 1 # Cross currents
19393881=0; 1 # Cross currents
0229-2807=0; 1 # ARC
1934-9637=0; 1 # Journal of spirituality in mental health
1934-9645=0; 1 # Journal of spirituality in mental health
1023-0807=0; 1 # Religion and theology
1574-3012=0; 1 # Religion and theology
0926-6453=1 # Studies in spirituality
1783-1814=1 # Studies in spirituality
0809-7291=0; 1 # Nordic journal of religion and society
0802-0167=0; 1 # Nordic journal of religion and society
1890-7008=0; 1 # Nordic journal of religion and society
1069-4404=0 # Sociology of religion
1759-8818=0 # Sociology of religion
0029-5973=0 # Numen PISSN
1568-5276=0 # Numen EISSN
0935-7335=0; 1 # Ethik in der Medizin
1437-1618=0; 1 # Ethik in der Medizin
1209-9392=0; 1 # Women in Judaism
0305-7240=0; 1 # Journal of moral education !!pppn
1465-3877=0; 1 # Journal of moral education !!eppn
0269-9702=0; 1 # Bioethics !!pppn
1467-8519=0; 1 # Bioethics !!eppn
1468-2303=0; 1 # History and theory !!eppn
0018-2656=0; 1 # History and theory !!pppn
1092-1311=0 # The journal of religion and film
1086-3222=0; 1 # Journal of the history of ideas !!eppn
0022-5037=0; 1 # Journal of the history of ideas !!pppn
1469-5103=0; 1 # The historical journal !!eppn
0018-246X=0; 1 # The historical journal !!pppn
1469-2147=0; 1 # Cambridge quarterly of healthcare ethics !!eppn
0963-1801=0; 1 # Cambridge quarterly of healthcare ethics !!pppn
0014-701X=0 # Faith and freedom
0283-8486=0 # Journal of prehistoric religion
1861-5813=0 # Online - Heidelberg Journal of Religions on the Internet
0342-2356=0; 1 # Ugarit-Forschungen
1086-3249=0; 1 # Kennedy Institute of Ethics journal
0889-048X=0; 1 # Agriculture and human values !!pppn
1572-8366=0; 1 # Agriculture and human values !!eppn
1187-7863=0; 1 # Journal of agricultural and environmental ethics !!pppn
1573-322X=0; 1 # Journal of agricultural and environmental ethics !!eppn
1468-2265=0; 1 # Heythrop journal !!eppn
1364-436X=0; 1 # International journal of children's spirituality !!pppn
0959-6410=0; 1 # Islam and Christian-Muslim relations !!pppn
1203-1542=0; 1 # The journal of Hebrew scriptures !!eppn
1467-9647=0; 1 # Teaching theology & religion !!eppn
1473-4257=0; 1 # Journal of medical ethics !!eppn
0969-7330=0; 1 # Nursing ethics !!pppn
1477-0989=0; 1 # Nursing ethics !!eppn
0003-097X=0; 1 # Bulletin of the American Schools of Oriental Research !!pppn
0034-4087=0; 1 # Religious education !!pppn
0022-0256=0; 1 # Journal of cuneiform studies !!pppn
1552-146X=0; 1 # The Hastings Center report
0163-4275=0; 1 # Environmental ethics
1783-1806=0; 1 # Studies in Interreligious Dialogue
1867-4240=0 # Transformierte Buddhismen
1583-0039=0 # Journal for the Study of Religions and Ideologies
2294-6209=0; 1 # Byzantion
0944-5706=0; 1 # Jewish Studies Quarterly
2199-4463=0 # Religion in the Roman Empire
1890-7008=0; 1 # Nordic journal of religion and society
0809-7291=0; 1 # Nordic journal of religion and society
0003-1224=FID-KRIM-DE-21 # American sociological review Online Publikation|krimdok
1862-2593=FID-KRIM-DE-21 # Berliner Journal für Soziologie Online Publikation|krimdok
0268-5809=FID-KRIM-DE-21 # International sociology Online Publikation|krimdok
2196-8225=FID-KRIM-DE-21 # Praxis der Kinderpsychologie und Kinderpsychiatrie Online Publikation|krimdok
2190-6238=FID-KRIM-DE-21 # Psychologische Rundschau Online Publikation|krimdok
1461-7439=FID-KRIM-DE-21 # Theoretical criminology Online Publikation|krimdok
1438-9460=FID-KRIM-DE-21 # Zeitschrift für Sexualforschung Online Publikation|krimdok
1890-7008=0; 1 # Nordic journal of religion and society
0809-7291=0; 1 # Nordic journal of religion and society
2380-8829=1 #The Covenant Quarterly
0967-8948=0 # Journal of the British Association for the Study of Religions - formerly DISKUS
2342-7256=0 # Temenos=nordic journal of comparative religion
1799-3121=0 # Approaching religion
1677-1222=0; 1 # Rever=revista de estudos da religião
1475-5610=0; 1 # Culture and Religion
00224189=0 # Journal of Religion
1549-6538=0 # Journal of Religion
0022-4189=0 # Journal of Religion
1722-4705=0 # Religioni e società
0394-9397=0 # Religioni e società
17224705=0 # Religioni e società
0002-7189=0 # Journal of the American Academy of Religion
1477-4585=0 # Journal of the American Academy of Religion
1138-4972=0 # 'Ílu
1135-4712=0 # 'Ílu
1139-1529=0 # 'Ílu
0048-721X=0 # Religion a journal of religion and religions
